// Jest Snapshot v1, https://goo.gl/fbAQLP

exports[`Checkbox component should be rendered 1`] = `
<DocumentFragment>
  <label>
    <span
      class="MuiButtonBase-root MuiCheckbox-root MuiCheckbox-colorPrimary MuiCheckbox-sizeMedium PrivateSwitchBase-root MuiCheckbox-root MuiCheckbox-colorPrimary MuiCheckbox-sizeMedium MuiCheckbox-root MuiCheckbox-colorPrimary MuiCheckbox-sizeMedium css-le7zt4-MuiButtonBase-root-MuiCheckbox-root"
      data-testid="checkbox"
    >
      <input
        class="PrivateSwitchBase-input css-1m9pwf3"
        data-indeterminate="false"
        type="checkbox"
      />
      <svg
        aria-hidden="true"
        class="MuiSvgIcon-root MuiSvgIcon-fontSizeMedium css-i4bv87-MuiSvgIcon-root"
        data-testid="CheckBoxOutlineBlankIcon"
        focusable="false"
        viewBox="0 0 24 24"
      >
        <path
          d="M19 5v14H5V5h14m0-2H5c-1.1 0-2 .9-2 2v14c0 1.1.9 2 2 2h14c1.1 0 2-.9 2-2V5c0-1.1-.9-2-2-2z"
        />
      </svg>
      <span
        class="MuiTouchRipple-root css-8je8zh-MuiTouchRipple-root"
      />
    </span>
    <div
      class="MuiBox-root css-yhnhoj"
    >
      <svg
        class="MuiSvgIcon-root MuiSvgIcon-fontSizeMedium css-1xhbeow-MuiSvgIcon-root"
        focusable="false"
        role="img"
        viewBox="0 0 24 24"
      >
        <use
          href="/src/assets/icons/sprite.svg#icon-inactiveCheckbox"
        />
        <title>
          Task not completed
        </title>
      </svg>
    </div>
  </label>
</DocumentFragment>
`;

exports[`Label component should be rendered 1`] = `
<DocumentFragment>
  <label>
    <span
      class="MuiButtonBase-root MuiCheckbox-root MuiCheckbox-colorPrimary MuiCheckbox-sizeMedium PrivateSwitchBase-root MuiCheckbox-root MuiCheckbox-colorPrimary MuiCheckbox-sizeMedium MuiCheckbox-root MuiCheckbox-colorPrimary MuiCheckbox-sizeMedium css-le7zt4-MuiButtonBase-root-MuiCheckbox-root"
      data-testid="checkbox"
    >
      <input
        class="PrivateSwitchBase-input css-1m9pwf3"
        data-indeterminate="false"
        type="checkbox"
      />
      <svg
        aria-hidden="true"
        class="MuiSvgIcon-root MuiSvgIcon-fontSizeMedium css-i4bv87-MuiSvgIcon-root"
        data-testid="CheckBoxOutlineBlankIcon"
        focusable="false"
        viewBox="0 0 24 24"
      >
        <path
          d="M19 5v14H5V5h14m0-2H5c-1.1 0-2 .9-2 2v14c0 1.1.9 2 2 2h14c1.1 0 2-.9 2-2V5c0-1.1-.9-2-2-2z"
        />
      </svg>
      <span
        class="MuiTouchRipple-root css-8je8zh-MuiTouchRipple-root"
      />
    </span>
    <div
      class="MuiBox-root css-yhnhoj"
    >
      <svg
        class="MuiSvgIcon-root MuiSvgIcon-fontSizeMedium css-1xhbeow-MuiSvgIcon-root"
        focusable="false"
        role="img"
        viewBox="0 0 24 24"
      >
        <use
          href="/src/assets/icons/sprite.svg#icon-inactiveCheckbox"
        />
        <title>
          Task not completed
        </title>
      </svg>
    </div>
  </label>
</DocumentFragment>
`;
