// Jest Snapshot v1, https://goo.gl/fbAQLP

exports[`AuthContainer component should render AuthContainer component 1`] = `
<DocumentFragment>
  <section
    data-testid="authContainer"
  >
<<<<<<< HEAD
    <div
      class=""
    >
      <a
        href="/"
=======
    <a
      href="/"
    >
      <div
        class=""
>>>>>>> develop
      >
        <svg
          class="MuiSvgIcon-root MuiSvgIcon-fontSizeMedium css-i4bv87-MuiSvgIcon-root"
          focusable="false"
          role="img"
          viewBox="0 0 24 24"
        >
          <use
            href="/src/assets/icons/sprite.svg#icon-logo"
          />
          <title>
            Logo
          </title>
        </svg>
        <p
<<<<<<< HEAD
          class="MuiTypography-root MuiTypography-h3 css-14qosaq-MuiTypography-root"
        >
          Dashboard Kit
        </p>
      </a>
    </div>
=======
          class="MuiTypography-root MuiTypography-h3 css-army73-MuiTypography-root"
        >
          Dashboard Kit
        </p>
      </div>
    </a>
>>>>>>> develop
    <div>
      Mocked Children
    </div>
  </section>
</DocumentFragment>
`;
