// Jest Snapshot v1, https://goo.gl/fbAQLP

exports[`Label component should be rendered 1`] = `<DocumentFragment />`;

exports[`Modal component should be rendered 1`] = `<DocumentFragment />`;
