// Jest Snapshot v1, https://goo.gl/fbAQLP

exports[`TicketsForm component should be rendered 1`] = `
<DocumentFragment>
  <form
    class="MuiBox-root css-m9nphe"
    novalidate=""
  >
    <div
      class="MuiFormControl-root MuiFormControl-fullWidth MuiTextField-root css-wb57ya-MuiFormControl-root-MuiTextField-root"
    >
      <label
        class="MuiFormLabel-root MuiInputLabel-root MuiInputLabel-formControl MuiInputLabel-animated MuiInputLabel-shrink MuiInputLabel-sizeMedium MuiInputLabel-outlined MuiFormLabel-colorPrimary MuiInputLabel-root MuiInputLabel-formControl MuiInputLabel-animated MuiInputLabel-shrink MuiInputLabel-sizeMedium MuiInputLabel-outlined css-1jy569b-MuiFormLabel-root-MuiInputLabel-root"
        data-shrink="true"
        for=":r0:"
        id=":r0:-label"
      >
        Ticket details
      </label>
      <div
        class="MuiInputBase-root MuiOutlinedInput-root MuiInputBase-colorPrimary MuiInputBase-fullWidth MuiInputBase-formControl css-md26zr-MuiInputBase-root-MuiOutlinedInput-root"
      >
        <input
          aria-invalid="false"
          class="MuiInputBase-input MuiOutlinedInput-input css-1t8l2tu-MuiInputBase-input-MuiOutlinedInput-input"
          id=":r0:"
          name="title"
          placeholder="Add description"
          type="text"
          value=""
        />
        <fieldset
          aria-hidden="true"
          class="MuiOutlinedInput-notchedOutline css-1d3z3hw-MuiOutlinedInput-notchedOutline"
        >
          <legend
            class="css-14lo706"
          >
            <span>
              Ticket details
            </span>
          </legend>
        </fieldset>
      </div>
    </div>
    <div
      class="MuiFormControl-root MuiFormControl-fullWidth MuiTextField-root css-wb57ya-MuiFormControl-root-MuiTextField-root"
    >
      <label
        class="MuiFormLabel-root MuiInputLabel-root MuiInputLabel-formControl MuiInputLabel-animated MuiInputLabel-shrink MuiInputLabel-sizeMedium MuiInputLabel-outlined MuiFormLabel-colorPrimary MuiInputLabel-root MuiInputLabel-formControl MuiInputLabel-animated MuiInputLabel-shrink MuiInputLabel-sizeMedium MuiInputLabel-outlined css-1jy569b-MuiFormLabel-root-MuiInputLabel-root"
        data-shrink="true"
        for=":r1:"
        id=":r1:-label"
      >
        Customer name
      </label>
      <div
        class="MuiInputBase-root MuiOutlinedInput-root MuiInputBase-colorPrimary MuiInputBase-fullWidth MuiInputBase-formControl css-md26zr-MuiInputBase-root-MuiOutlinedInput-root"
      >
        <input
          aria-invalid="false"
          class="MuiInputBase-input MuiOutlinedInput-input css-1t8l2tu-MuiInputBase-input-MuiOutlinedInput-input"
          id=":r1:"
          name="name"
          placeholder="Name"
          type="text"
          value=""
        />
        <fieldset
          aria-hidden="true"
          class="MuiOutlinedInput-notchedOutline css-1d3z3hw-MuiOutlinedInput-notchedOutline"
        >
          <legend
            class="css-14lo706"
          >
            <span>
              Customer name
            </span>
          </legend>
        </fieldset>
      </div>
    </div>
    <div
      class="MuiFormControl-root MuiFormControl-fullWidth MuiTextField-root css-wb57ya-MuiFormControl-root-MuiTextField-root"
    >
      <label
        class="MuiFormLabel-root MuiInputLabel-root MuiInputLabel-formControl MuiInputLabel-animated MuiInputLabel-shrink MuiInputLabel-sizeMedium MuiInputLabel-outlined MuiFormLabel-colorPrimary MuiInputLabel-root MuiInputLabel-formControl MuiInputLabel-animated MuiInputLabel-shrink MuiInputLabel-sizeMedium MuiInputLabel-outlined css-1jy569b-MuiFormLabel-root-MuiInputLabel-root"
        data-shrink="true"
        for=":r2:"
        id=":r2:-label"
      >
        Date
      </label>
      <div
        class="MuiInputBase-root MuiOutlinedInput-root MuiInputBase-colorPrimary MuiInputBase-fullWidth MuiInputBase-formControl MuiInputBase-adornedEnd css-154xyx0-MuiInputBase-root-MuiOutlinedInput-root"
      >
        <input
          aria-invalid="false"
          autocomplete="off"
          class="MuiInputBase-input MuiOutlinedInput-input MuiInputBase-inputAdornedEnd css-nxo287-MuiInputBase-input-MuiOutlinedInput-input"
          id=":r2:"
          inputmode="text"
          placeholder="MM/DD/YYYY hh:mm aa"
          type="text"
          value=""
        />
        <div
          class="MuiInputAdornment-root MuiInputAdornment-positionEnd MuiInputAdornment-outlined MuiInputAdornment-sizeMedium css-1laqsz7-MuiInputAdornment-root"
        >
          <button
            aria-label="Choose date"
            class="MuiButtonBase-root MuiIconButton-root MuiIconButton-edgeEnd MuiIconButton-sizeMedium css-1yq5fb3-MuiButtonBase-root-MuiIconButton-root"
            tabindex="0"
            type="button"
          >
            <svg
              aria-hidden="true"
              class="MuiSvgIcon-root MuiSvgIcon-fontSizeMedium css-i4bv87-MuiSvgIcon-root"
              data-testid="CalendarIcon"
              focusable="false"
              viewBox="0 0 24 24"
            >
              <path
                d="M17 12h-5v5h5v-5zM16 1v2H8V1H6v2H5c-1.11 0-1.99.9-1.99 2L3 19c0 1.1.89 2 2 2h14c1.1 0 2-.9 2-2V5c0-1.1-.9-2-2-2h-1V1h-2zm3 18H5V8h14v11z"
              />
            </svg>
            <span
              class="MuiTouchRipple-root css-8je8zh-MuiTouchRipple-root"
            />
          </button>
        </div>
        <fieldset
          aria-hidden="true"
          class="MuiOutlinedInput-notchedOutline css-1d3z3hw-MuiOutlinedInput-notchedOutline"
        >
          <legend
            class="css-14lo706"
          >
            <span>
              Date
            </span>
          </legend>
        </fieldset>
      </div>
    </div>
    <div
      class="MuiFormControl-root MuiFormControl-fullWidth MuiTextField-root css-wb57ya-MuiFormControl-root-MuiTextField-root"
    >
      <label
        class="MuiFormLabel-root MuiInputLabel-root MuiInputLabel-formControl MuiInputLabel-animated MuiInputLabel-shrink MuiInputLabel-sizeMedium MuiInputLabel-outlined MuiFormLabel-colorPrimary MuiFormLabel-filled MuiInputLabel-root MuiInputLabel-formControl MuiInputLabel-animated MuiInputLabel-shrink MuiInputLabel-sizeMedium MuiInputLabel-outlined css-1jy569b-MuiFormLabel-root-MuiInputLabel-root"
        data-shrink="true"
        for=":r4:"
        id=":r4:-label"
      >
        Priority
      </label>
      <div
        class="MuiInputBase-root MuiOutlinedInput-root MuiInputBase-colorPrimary MuiInputBase-fullWidth MuiInputBase-formControl css-md26zr-MuiInputBase-root-MuiOutlinedInput-root"
      >
        <div
          aria-expanded="false"
          aria-haspopup="listbox"
          aria-labelledby=":r4:-label :r4:"
          class="MuiSelect-select MuiSelect-outlined MuiInputBase-input MuiOutlinedInput-input css-11u53oe-MuiSelect-select-MuiInputBase-input-MuiOutlinedInput-input"
          id=":r4:"
          role="button"
          tabindex="0"
        >
          Choose priority
        </div>
        <input
          aria-hidden="true"
          aria-invalid="false"
          class="MuiSelect-nativeInput css-yf8vq0-MuiSelect-nativeInput"
          name="priority"
          tabindex="-1"
          value="priority"
        />
        <svg
          aria-hidden="true"
          class="MuiSvgIcon-root MuiSvgIcon-fontSizeMedium MuiSelect-icon MuiSelect-iconOutlined css-hfutr2-MuiSvgIcon-root-MuiSelect-icon"
          data-testid="ArrowDropDownIcon"
          focusable="false"
          viewBox="0 0 24 24"
        >
          <path
            d="M7 10l5 5 5-5z"
          />
        </svg>
        <fieldset
          aria-hidden="true"
          class="MuiOutlinedInput-notchedOutline css-1d3z3hw-MuiOutlinedInput-notchedOutline"
        >
          <legend
            class="css-14lo706"
          >
            <span>
              Priority
            </span>
          </legend>
        </fieldset>
      </div>
    </div>
    <button
      class="MuiButtonBase-root MuiButton-root MuiButton-contained MuiButton-containedPrimary MuiButton-sizeMedium MuiButton-containedSizeMedium MuiButton-fullWidth MuiButton-root MuiButton-contained MuiButton-containedPrimary MuiButton-sizeMedium MuiButton-containedSizeMedium MuiButton-fullWidth css-1fu7jd5-MuiButtonBase-root-MuiButton-root"
      tabindex="0"
      type="submit"
    >
      Save
      <span
        class="MuiTouchRipple-root css-8je8zh-MuiTouchRipple-root"
      />
    </button>
  </form>
</DocumentFragment>
`;
