// Jest Snapshot v1, https://goo.gl/fbAQLP

exports[`Link component should be rendered 1`] = `
<DocumentFragment>
  <a
    href="/link"
  >
    Link
  </a>
</DocumentFragment>
`;
