// Jest Snapshot v1, https://goo.gl/fbAQLP

exports[`ContactsItem component should be rendered 1`] = `
<DocumentFragment>
  <div
    class="MuiGrid-root MuiGrid-container css-dkvi6p-MuiGrid-root"
  >
    <div
      class="MuiGrid-root MuiGrid-item MuiGrid-grid-xs-4 css-1dpyvte-MuiGrid-root"
    >
      <div
        class="MuiBox-root css-2m3hzv"
      >
        <img
          alt="John Doe"
          src="/path/to/image.jpg"
        />
      </div>
      <p
        class="MuiTypography-root MuiTypography-subtitle2 css-ati914-MuiTypography-root"
      >
        John Doe
      </p>
    </div>
    <div
      class="MuiGrid-root MuiGrid-item MuiGrid-grid-xs-3 css-1equabv-MuiGrid-root"
    >
      <p
        class="MuiTypography-root MuiTypography-subtitle2 css-ati914-MuiTypography-root"
      >
        johndoe@example.com
      </p>
    </div>
    <div
      class="MuiGrid-root MuiGrid-item MuiGrid-grid-xs-3 css-8sbacc-MuiGrid-root"
    >
      <p
        class="MuiTypography-root MuiTypography-subtitle2 css-ati914-MuiTypography-root"
      >
        123 Main St
      </p>
    </div>
    <div
      class="MuiGrid-root MuiGrid-item MuiGrid-grid-xs-2 css-n268fb-MuiGrid-root"
    >
      <p
        class="MuiTypography-root MuiTypography-subtitle2 css-ati914-MuiTypography-root"
      >
        Oct 10, 2023
      </p>
      <div
        class="MuiSpeedDial-root MuiSpeedDial-directionUp css-5jgzwq-MuiSpeedDial-root"
        role="presentation"
      >
        <button
          aria-controls="SpeedDialmoreoptions-actions"
          aria-expanded="false"
          aria-haspopup="true"
          aria-label="SpeedDial more options"
          class="MuiButtonBase-root MuiFab-root MuiFab-circular MuiFab-sizeLarge MuiFab-primary MuiFab-root MuiFab-circular MuiFab-sizeLarge MuiFab-primary MuiSpeedDial-fab css-7dv1rb-MuiButtonBase-root-MuiFab-root-MuiSpeedDial-fab"
          style="transform: none; webkit-transition: transform 225ms cubic-bezier(0.4, 0, 0.2, 1) 0ms; transition: transform 225ms cubic-bezier(0.4, 0, 0.2, 1) 0ms;"
          tabindex="0"
          type="button"
        >
          <svg
            class="MuiSvgIcon-root MuiSvgIcon-fontSizeMedium css-i4bv87-MuiSvgIcon-root"
            focusable="false"
            role="img"
            viewBox="0 0 24 24"
          >
            <use
              href="/sprite.svg#icon-more"
            />
            <title>
              More options
            </title>
          </svg>
          <span
            class="MuiTouchRipple-root css-8je8zh-MuiTouchRipple-root"
          />
        </button>
        <div
          aria-orientation="vertical"
          class="MuiSpeedDial-actions MuiSpeedDial-actionsClosed css-1s28u9o-MuiSpeedDial-actions"
          id="SpeedDialmoreoptions-actions"
          role="menu"
        >
          <button
            aria-label="Delete"
            class="MuiButtonBase-root MuiFab-root MuiFab-circular MuiFab-sizeSmall MuiFab-default MuiFab-root MuiFab-circular MuiFab-sizeSmall MuiFab-default MuiSpeedDialAction-fab MuiSpeedDialAction-fabClosed css-tmh29y-MuiButtonBase-root-MuiFab-root-MuiSpeedDialAction-fab"
            data-mui-internal-clone-element="true"
            role="menuitem"
            style="transition-delay: 60ms;"
            tabindex="-1"
            type="button"
          >
            <svg
              aria-hidden="true"
              class="MuiSvgIcon-root MuiSvgIcon-fontSizeMedium css-i4bv87-MuiSvgIcon-root"
              data-testid="DeleteIcon"
              focusable="false"
              viewBox="0 0 24 24"
            >
              <path
                d="M6 19c0 1.1.9 2 2 2h8c1.1 0 2-.9 2-2V7H6v12zM19 4h-3.5l-1-1h-5l-1 1H5v2h14V4z"
              />
            </svg>
            <span
              class="MuiTouchRipple-root css-8je8zh-MuiTouchRipple-root"
            />
          </button>
          <button
            aria-label="Edit"
            class="MuiButtonBase-root MuiFab-root MuiFab-circular MuiFab-sizeSmall MuiFab-default MuiFab-root MuiFab-circular MuiFab-sizeSmall MuiFab-default MuiSpeedDialAction-fab MuiSpeedDialAction-fabClosed css-tmh29y-MuiButtonBase-root-MuiFab-root-MuiSpeedDialAction-fab"
            data-mui-internal-clone-element="true"
            role="menuitem"
            style="transition-delay: 30ms;"
            tabindex="-1"
            type="button"
          >
            <svg
              aria-hidden="true"
              class="MuiSvgIcon-root MuiSvgIcon-fontSizeMedium css-i4bv87-MuiSvgIcon-root"
              data-testid="EditIcon"
              focusable="false"
              viewBox="0 0 24 24"
            >
              <path
                d="M3 17.25V21h3.75L17.81 9.94l-3.75-3.75L3 17.25zM20.71 7.04c.39-.39.39-1.02 0-1.41l-2.34-2.34a.9959.9959 0 0 0-1.41 0l-1.83 1.83 3.75 3.75 1.83-1.83z"
              />
            </svg>
            <span
              class="MuiTouchRipple-root css-8je8zh-MuiTouchRipple-root"
            />
          </button>
        </div>
      </div>
    </div>
  </div>
</DocumentFragment>
`;
