// Jest Snapshot v1, https://goo.gl/fbAQLP

exports[`Contacts component should be rendered 1`] = `
<DocumentFragment>
  <div
    class="MuiBox-root css-zqkb86"
  >
    <div
      class="MuiBox-root css-la04gv"
    >
      <button
        class="MuiButtonBase-root MuiButton-root MuiButton-text MuiButton-textPrimary MuiButton-sizeMedium MuiButton-textSizeMedium MuiButton-root MuiButton-text MuiButton-textPrimary MuiButton-sizeMedium MuiButton-textSizeMedium css-17u4eyv-MuiButtonBase-root-MuiButton-root"
        data-testid="sortButton"
        tabindex="0"
        type="button"
      >
        <svg
          class="MuiSvgIcon-root MuiSvgIcon-fontSizeSmall css-1v1n4yu-MuiSvgIcon-root"
          focusable="false"
          role="img"
          viewBox="0 0 24 24"
        >
          <use
            href="/sprite.svg#icon-sort"
          />
          <title>
            Sort
          </title>
        </svg>
        Sort
        <span
          class="MuiTouchRipple-root css-8je8zh-MuiTouchRipple-root"
        />
      </button>
      <button
        class="MuiButtonBase-root MuiButton-root MuiButton-text MuiButton-textPrimary MuiButton-sizeMedium MuiButton-textSizeMedium MuiButton-root MuiButton-text MuiButton-textPrimary MuiButton-sizeMedium MuiButton-textSizeMedium css-dpl43n-MuiButtonBase-root-MuiButton-root"
        data-testid="filterButton"
        tabindex="0"
        type="button"
      >
        <svg
          class="MuiSvgIcon-root MuiSvgIcon-fontSizeSmall css-1v1n4yu-MuiSvgIcon-root"
          focusable="false"
          role="img"
          viewBox="0 0 24 24"
        >
          <use
            href="/sprite.svg#icon-filter"
          />
          <title>
            Filter
          </title>
        </svg>
        Filter
        <span
          class="MuiTouchRipple-root css-8je8zh-MuiTouchRipple-root"
        />
      </button>
      <button
        class="MuiButtonBase-root MuiButton-root MuiButton-text MuiButton-textPrimary MuiButton-sizeMedium MuiButton-textSizeMedium MuiButton-root MuiButton-text MuiButton-textPrimary MuiButton-sizeMedium MuiButton-textSizeMedium css-e9wzt7-MuiButtonBase-root-MuiButton-root"
        data-testid="addButton"
        tabindex="0"
        type="button"
      >
        <svg
          class="MuiSvgIcon-root MuiSvgIcon-fontSizeMedium css-1vh51qy-MuiSvgIcon-root"
          focusable="false"
          role="img"
          viewBox="0 0 24 24"
        >
          <use
            href="/sprite.svg#icon-add"
          />
          <title>
            Add new item
          </title>
        </svg>
        Add contact
        <span
          class="MuiTouchRipple-root css-8je8zh-MuiTouchRipple-root"
        />
      </button>
    </div>
    <div
      class="MuiGrid-root MuiGrid-container css-bxay1f-MuiGrid-root"
    >
      <div
        class="MuiGrid-root MuiGrid-item MuiGrid-grid-xs-4 css-gj1fbr-MuiGrid-root"
      >
        Name 
      </div>
      <div
        class="MuiGrid-root MuiGrid-item MuiGrid-grid-xs-3 css-1equabv-MuiGrid-root"
      >
        Email 
      </div>
      <div
        class="MuiGrid-root MuiGrid-item MuiGrid-grid-xs-3 css-1equabv-MuiGrid-root"
      >
        Address 
      </div>
      <div
        class="MuiGrid-root MuiGrid-item MuiGrid-grid-xs-2 css-1o7apob-MuiGrid-root"
      >
        Created at 
        <svg
          aria-hidden="true"
          class="MuiSvgIcon-root MuiSvgIcon-fontSizeSmall css-1j6x8sl-MuiSvgIcon-root"
          data-testid="SouthIcon"
          focusable="false"
          viewBox="0 0 24 24"
        >
          <path
            d="m19 15-1.41-1.41L13 18.17V2h-2v16.17l-4.59-4.59L5 15l7 7 7-7z"
          />
        </svg>
      </div>
    </div>
    <div
      class="MuiTablePagination-root css-1rfvjt6-MuiTablePagination-root"
    >
      <div
        class="MuiToolbar-root MuiToolbar-gutters MuiToolbar-regular MuiTablePagination-toolbar css-78c6dr-MuiToolbar-root-MuiTablePagination-toolbar"
      >
        <div
          class="MuiTablePagination-spacer css-1psng7p-MuiTablePagination-spacer"
        />
        <p
          class="MuiTablePagination-selectLabel css-pdct74-MuiTablePagination-selectLabel"
          id=":r1:"
        >
          Rows per page:
        </p>
        <div
          class="MuiInputBase-root MuiInputBase-colorPrimary MuiTablePagination-input css-16c50h-MuiInputBase-root-MuiTablePagination-select"
        >
          <div
            aria-expanded="false"
            aria-haspopup="listbox"
            aria-labelledby=":r1: :r0:"
            class="MuiSelect-select MuiTablePagination-select MuiSelect-standard MuiInputBase-input css-194a1fa-MuiSelect-select-MuiInputBase-input"
            id=":r0:"
            role="button"
            tabindex="0"
          >
            8
          </div>
          <input
            aria-hidden="true"
            aria-invalid="false"
            class="MuiSelect-nativeInput css-yf8vq0-MuiSelect-nativeInput"
            tabindex="-1"
            value="8"
          />
          <svg
            aria-hidden="true"
            class="MuiSvgIcon-root MuiSvgIcon-fontSizeMedium MuiSelect-icon MuiTablePagination-selectIcon MuiSelect-iconStandard css-pqjvzy-MuiSvgIcon-root-MuiSelect-icon"
            data-testid="ArrowDropDownIcon"
            focusable="false"
            viewBox="0 0 24 24"
          >
            <path
              d="M7 10l5 5 5-5z"
            />
          </svg>
        </div>
        <p
          class="MuiTablePagination-displayedRows css-levciy-MuiTablePagination-displayedRows"
        >
          0â€“0 of 0
        </p>
        <div
          class="MuiTablePagination-actions"
        >
          <button
            aria-label="Go to previous page"
            class="MuiButtonBase-root Mui-disabled MuiIconButton-root Mui-disabled MuiIconButton-colorInherit MuiIconButton-sizeMedium css-zylse7-MuiButtonBase-root-MuiIconButton-root"
            disabled=""
            tabindex="-1"
            title="Go to previous page"
            type="button"
          >
            <svg
              aria-hidden="true"
              class="MuiSvgIcon-root MuiSvgIcon-fontSizeMedium css-i4bv87-MuiSvgIcon-root"
              data-testid="KeyboardArrowLeftIcon"
              focusable="false"
              viewBox="0 0 24 24"
            >
              <path
                d="M15.41 16.09l-4.58-4.59 4.58-4.59L14 5.5l-6 6 6 6z"
              />
            </svg>
          </button>
          <button
            aria-label="Go to next page"
            class="MuiButtonBase-root Mui-disabled MuiIconButton-root Mui-disabled MuiIconButton-colorInherit MuiIconButton-sizeMedium css-zylse7-MuiButtonBase-root-MuiIconButton-root"
            disabled=""
            tabindex="-1"
            title="Go to next page"
            type="button"
          >
            <svg
              aria-hidden="true"
              class="MuiSvgIcon-root MuiSvgIcon-fontSizeMedium css-i4bv87-MuiSvgIcon-root"
              data-testid="KeyboardArrowRightIcon"
              focusable="false"
              viewBox="0 0 24 24"
            >
              <path
                d="M8.59 16.34l4.58-4.59-4.58-4.59L10 5.75l6 6-6 6z"
              />
            </svg>
          </button>
        </div>
      </div>
    </div>
  </div>
</DocumentFragment>
`;
