// Jest Snapshot v1, https://goo.gl/fbAQLP

exports[`TextCell component should be rendered 1`] = `
<DocumentFragment>
  <div
    class="MuiBox-root css-0"
  >
    <p
      class="MuiTypography-root MuiTypography-body1 css-k62y85-MuiTypography-root"
    >
      Main Text
    </p>
    <p
      class="MuiTypography-root MuiTypography-body1 css-1edc1f9-MuiTypography-root"
    >
      Sub Text
    </p>
  </div>
</DocumentFragment>
`;
