// Jest Snapshot v1, https://goo.gl/fbAQLP

exports[`Popover component makes snapshot 1`] = `<DocumentFragment />`;
