// Jest Snapshot v1, https://goo.gl/fbAQLP

exports[`ContactsForm component should be rendered 1`] = `
<DocumentFragment>
  <form
    class="MuiBox-root css-1a2bv8d"
    novalidate=""
  >
    <div
      class="MuiBox-root css-14h66l3"
    >
      <div
        class="MuiFormControl-root MuiTextField-root css-g4d8h0-MuiFormControl-root-MuiTextField-root"
      >
        <div
          class="MuiInputBase-root MuiOutlinedInput-root MuiInputBase-colorPrimary MuiInputBase-formControl css-9ddj71-MuiInputBase-root-MuiOutlinedInput-root"
        >
          <input
            aria-invalid="false"
            class="MuiInputBase-input MuiOutlinedInput-input css-1t8l2tu-MuiInputBase-input-MuiOutlinedInput-input"
            id="photo"
            name="photo"
            type="file"
            value=""
          />
          <fieldset
            aria-hidden="true"
            class="MuiOutlinedInput-notchedOutline css-1d3z3hw-MuiOutlinedInput-notchedOutline"
          >
            <legend
              class="css-ihdtdm"
            >
              <span
                class="notranslate"
              >
                â€‹
              </span>
            </legend>
          </fieldset>
        </div>
      </div>
      <label
        class="MuiFormLabel-root MuiFormLabel-colorPrimary css-goj8zy-MuiFormLabel-root"
        for="photo"
      >
        <span
          class="MuiButtonBase-root MuiButton-root MuiButton-outlined MuiButton-outlinedPrimary MuiButton-sizeMedium MuiButton-outlinedSizeMedium MuiButton-root MuiButton-outlined MuiButton-outlinedPrimary MuiButton-sizeMedium MuiButton-outlinedSizeMedium css-1nntmli-MuiButtonBase-root-MuiButton-root"
          role="button"
          tabindex="0"
        >
          <svg
            class="MuiSvgIcon-root MuiSvgIcon-fontSizeMedium css-1xzf3w3-MuiSvgIcon-root"
            focusable="false"
            role="img"
            viewBox="0 0 24 24"
          >
            <use
              href="/src/assets/icons/sprite.svg#icon-addPhoto"
            />
            <title>
              Add photo
            </title>
          </svg>
          <span
            class="MuiTouchRipple-root css-8je8zh-MuiTouchRipple-root"
          />
        </span>
        Add photo
      </label>
    </div>
    <div
      class="MuiFormControl-root MuiFormControl-fullWidth MuiTextField-root css-wb57ya-MuiFormControl-root-MuiTextField-root"
    >
      <label
        class="MuiFormLabel-root MuiInputLabel-root MuiInputLabel-formControl MuiInputLabel-animated MuiInputLabel-shrink MuiInputLabel-sizeMedium MuiInputLabel-outlined MuiFormLabel-colorPrimary MuiInputLabel-root MuiInputLabel-formControl MuiInputLabel-animated MuiInputLabel-shrink MuiInputLabel-sizeMedium MuiInputLabel-outlined css-1jy569b-MuiFormLabel-root-MuiInputLabel-root"
        data-shrink="true"
        for=":r1:"
        id=":r1:-label"
      >
        first name
      </label>
      <div
        class="MuiInputBase-root MuiOutlinedInput-root MuiInputBase-colorPrimary MuiInputBase-fullWidth MuiInputBase-formControl css-md26zr-MuiInputBase-root-MuiOutlinedInput-root"
      >
        <input
          aria-invalid="false"
          class="MuiInputBase-input MuiOutlinedInput-input css-1t8l2tu-MuiInputBase-input-MuiOutlinedInput-input"
          id=":r1:"
          name="firstName"
          placeholder="First name"
          type="text"
          value=""
        />
        <fieldset
          aria-hidden="true"
          class="MuiOutlinedInput-notchedOutline css-1d3z3hw-MuiOutlinedInput-notchedOutline"
        >
          <legend
            class="css-14lo706"
          >
            <span>
              first name
            </span>
          </legend>
        </fieldset>
      </div>
    </div>
    <div
      class="MuiFormControl-root MuiFormControl-fullWidth MuiTextField-root css-wb57ya-MuiFormControl-root-MuiTextField-root"
    >
      <label
        class="MuiFormLabel-root MuiInputLabel-root MuiInputLabel-formControl MuiInputLabel-animated MuiInputLabel-shrink MuiInputLabel-sizeMedium MuiInputLabel-outlined MuiFormLabel-colorPrimary MuiInputLabel-root MuiInputLabel-formControl MuiInputLabel-animated MuiInputLabel-shrink MuiInputLabel-sizeMedium MuiInputLabel-outlined css-1jy569b-MuiFormLabel-root-MuiInputLabel-root"
        data-shrink="true"
        for=":r2:"
        id=":r2:-label"
      >
        last name
      </label>
      <div
        class="MuiInputBase-root MuiOutlinedInput-root MuiInputBase-colorPrimary MuiInputBase-fullWidth MuiInputBase-formControl css-md26zr-MuiInputBase-root-MuiOutlinedInput-root"
      >
        <input
          aria-invalid="false"
          class="MuiInputBase-input MuiOutlinedInput-input css-1t8l2tu-MuiInputBase-input-MuiOutlinedInput-input"
          id=":r2:"
          name="lastName"
          placeholder="Last name"
          type="text"
          value=""
        />
        <fieldset
          aria-hidden="true"
          class="MuiOutlinedInput-notchedOutline css-1d3z3hw-MuiOutlinedInput-notchedOutline"
        >
          <legend
            class="css-14lo706"
          >
            <span>
              last name
            </span>
          </legend>
        </fieldset>
      </div>
    </div>
    <div
      class="MuiFormControl-root MuiFormControl-fullWidth MuiTextField-root css-wb57ya-MuiFormControl-root-MuiTextField-root"
    >
      <label
        class="MuiFormLabel-root MuiInputLabel-root MuiInputLabel-formControl MuiInputLabel-animated MuiInputLabel-shrink MuiInputLabel-sizeMedium MuiInputLabel-outlined MuiFormLabel-colorPrimary MuiInputLabel-root MuiInputLabel-formControl MuiInputLabel-animated MuiInputLabel-shrink MuiInputLabel-sizeMedium MuiInputLabel-outlined css-1jy569b-MuiFormLabel-root-MuiInputLabel-root"
        data-shrink="true"
        for=":r3:"
        id=":r3:-label"
      >
        email
      </label>
      <div
        class="MuiInputBase-root MuiOutlinedInput-root MuiInputBase-colorPrimary MuiInputBase-fullWidth MuiInputBase-formControl css-md26zr-MuiInputBase-root-MuiOutlinedInput-root"
      >
        <input
          aria-invalid="false"
          class="MuiInputBase-input MuiOutlinedInput-input css-1t8l2tu-MuiInputBase-input-MuiOutlinedInput-input"
          id=":r3:"
          name="email"
          placeholder="Email"
          type="email"
          value=""
        />
        <fieldset
          aria-hidden="true"
          class="MuiOutlinedInput-notchedOutline css-1d3z3hw-MuiOutlinedInput-notchedOutline"
        >
          <legend
            class="css-14lo706"
          >
            <span>
              email
            </span>
          </legend>
        </fieldset>
      </div>
    </div>
    <div
      class="MuiFormControl-root MuiFormControl-fullWidth MuiTextField-root css-wb57ya-MuiFormControl-root-MuiTextField-root"
    >
      <label
        class="MuiFormLabel-root MuiInputLabel-root MuiInputLabel-formControl MuiInputLabel-animated MuiInputLabel-shrink MuiInputLabel-sizeMedium MuiInputLabel-outlined MuiFormLabel-colorPrimary MuiInputLabel-root MuiInputLabel-formControl MuiInputLabel-animated MuiInputLabel-shrink MuiInputLabel-sizeMedium MuiInputLabel-outlined css-1jy569b-MuiFormLabel-root-MuiInputLabel-root"
        data-shrink="true"
        for=":r4:"
        id=":r4:-label"
      >
        address
      </label>
      <div
        class="MuiInputBase-root MuiOutlinedInput-root MuiInputBase-colorPrimary MuiInputBase-fullWidth MuiInputBase-formControl css-md26zr-MuiInputBase-root-MuiOutlinedInput-root"
      >
        <input
          aria-invalid="false"
          class="MuiInputBase-input MuiOutlinedInput-input css-1t8l2tu-MuiInputBase-input-MuiOutlinedInput-input"
          id=":r4:"
          name="address"
          placeholder="Address"
          type="text"
          value=""
        />
        <fieldset
          aria-hidden="true"
          class="MuiOutlinedInput-notchedOutline css-1d3z3hw-MuiOutlinedInput-notchedOutline"
        >
          <legend
            class="css-14lo706"
          >
            <span>
              address
            </span>
          </legend>
        </fieldset>
      </div>
    </div>
    <button
      class="MuiButtonBase-root MuiButton-root MuiButton-contained MuiButton-containedPrimary MuiButton-sizeMedium MuiButton-containedSizeMedium MuiButton-fullWidth MuiButton-root MuiButton-contained MuiButton-containedPrimary MuiButton-sizeMedium MuiButton-containedSizeMedium MuiButton-fullWidth css-1fu7jd5-MuiButtonBase-root-MuiButton-root"
      tabindex="0"
      type="submit"
    >
      Save
      <span
        class="MuiTouchRipple-root css-8je8zh-MuiTouchRipple-root"
      />
    </button>
  </form>
</DocumentFragment>
`;
